I'm sorry, but errors were detected in your script. Please correct the
errors listed below, and try again.


File "game/components/inventory_system/Inventory Notify.rpy", line 23: style property pass is not known.
    pass
        ^

Ren'Py Version: Ren'Py 8.3.3.24111502
Mon Jan 20 16:39:14 2025
